eeschema (2013-07-07 BZR 4022)-stable  >> Creation date: 9/24/2014 5:00:52 PM
#Cmp ( order = Reference )
| C1         2200uF      
| C2         47uF        
| C3         .1uF        
| C4         .1uF        
| D1         1N5817      
| D2         1N5817      
| D3         1N5817      
| D4         1N5817      
| D5         PWR         
| D6         IN5239      
| D7         IN5229      
| D8         LED         
| D9         LED         
| D10        LED         
| D11        LED         
| D12        LED         
| F1         10A_FUSE    
| ISP1       ISP         
| J1         215877-1 (OUT)
| J2         215877-1 (IN)
| JP1        JUMPER      
| M1         MOC3023     
| M2         MOC3023     
| M3         MOC3023     
| M4         MOC3023     
| M5         MOC3023     
| M6         MOC3023     
| M7         MOC3023     
| M8         MOC3023     
| R1         680         
| R2         750         
| R3         750         
| R4         27K         
| R101       680         
| R102       680         
| R103       680         
| R104       680         
| R105       680         
| R106       680         
| R107       680         
| R108       680         
| R201       180         
| R202       180         
| R203       180         
| R204       180         
| R205       180         
| R206       180         
| R207       180         
| R208       180         
| R451       120         
| R452       1K          
| R453       27K         
| R454       1K          
| R455       27K         
| RN1        RESISTOR_NET
| T1         BTA06       
| T2         BTA06       
| T3         BTA06       
| T4         BTA06       
| T5         BTA06       
| T6         BTA06       
| T7         BTA06       
| T8         BTA06       
| TF1        3FS-312     
| TP1        TESTPOINT   
| TP2        TESTPOINT   
| TP3        TESTPOINT   
| TP4        TESTPOINT   
| TP5        TESTPOINT   
| TP6        TESTPOINT   
| TP7        TESTPOINT   
| TP8        TESTPOINT   
| TP9        TESTPOINT   
| TP10       TESTPOINT   
| TP11       TESTPOINT   
| TP12       TESTPOINT   
| TP13       TESTPOINT   
| TP14       TESTPOINT   
| TP15       TESTPOINT   
| TP16       TESTPOINT   
| TP17       TESTPOINT   
| TP19       TESTPOINT   
| TP20       TESTPOINT   
| TP21       TESTPOINT   
| TR0        120V        
| TR1        Ch1         
| TR2        Ch2         
| TR3        Ch3         
| TR4        Ch4         
| TR5        Ch5         
| TR6        Ch6         
| TR7        Ch7         
| TR8        Ch8         
| U1         LF50CV      
| U2         H11AA1      
| U3         SN65LBC176AP
| U4         SN65LBC176AP
| U5         18.432MHZ   
| U7         ATMEGA328P-PU
| U8         DIPSWITCH   
#End Cmp

#Cmp ( order = Value )
| 47uF         C2        
| 2200uF       C1        
| .1uF         C3        
| .1uF         C4        
| 1N5817       D1        
| 1N5817       D2        
| 1N5817       D3        
| 1N5817       D4        
| IN5239       D6        
| IN5229       D7        
| PWR          D5        
| LED          D8        
| LED          D9        
| LED          D10       
| LED          D11       
| LED          D12       
| 10A_FUSE     F1        
| ISP          ISP1      
| 215877-1 (OUT) J1        
| 215877-1 (IN) J2        
| JUMPER       JP1       
| MOC3023      M1        
| MOC3023      M2        
| MOC3023      M3        
| MOC3023      M4        
| MOC3023      M5        
| MOC3023      M6        
| MOC3023      M7        
| MOC3023      M8        
| 120          R451      
| 180          R201      
| 180          R202      
| 180          R203      
| 180          R204      
| 180          R205      
| 180          R206      
| 180          R207      
| 180          R208      
| 680          R1        
| 680          R101      
| 680          R102      
| 680          R103      
| 680          R104      
| 680          R105      
| 680          R106      
| 680          R107      
| 680          R108      
| 750          R2        
| 750          R3        
| 1K           R452      
| 1K           R454      
| 27K          R4        
| 27K          R453      
| 27K          R455      
| RESISTOR_NET RN1       
| BTA06        T1        
| BTA06        T2        
| BTA06        T3        
| BTA06        T4        
| BTA06        T5        
| BTA06        T6        
| BTA06        T7        
| BTA06        T8        
| 3FS-312      TF1       
| TESTPOINT    TP1       
| TESTPOINT    TP2       
| TESTPOINT    TP3       
| TESTPOINT    TP4       
| TESTPOINT    TP5       
| TESTPOINT    TP6       
| TESTPOINT    TP7       
| TESTPOINT    TP8       
| TESTPOINT    TP9       
| TESTPOINT    TP10      
| TESTPOINT    TP11      
| TESTPOINT    TP12      
| TESTPOINT    TP13      
| TESTPOINT    TP14      
| TESTPOINT    TP15      
| TESTPOINT    TP16      
| TESTPOINT    TP17      
| TESTPOINT    TP19      
| TESTPOINT    TP20      
| TESTPOINT    TP21      
| 120V         TR0       
| Ch1          TR1       
| Ch2          TR2       
| Ch3          TR3       
| Ch4          TR4       
| Ch5          TR5       
| Ch6          TR6       
| Ch7          TR7       
| Ch8          TR8       
| 18.432MHZ    U5        
| DIPSWITCH    U8        
| H11AA1       U2        
| SN65LBC176AP U3        
| SN65LBC176AP U4        
| LF50CV       U1        
| ATMEGA328P-PU U7        
#End Cmp

#End List
